// Jest Snapshot v1, https://goo.gl/fbAQLP

exports[`Current render 1`] = `
<DocumentFragment>
  <div
    class="tabs-list"
  >
    <button
      class="tabs-list__item tabs-list__item--active"
      type="button"
    >
      All
    </button>
    <button
      class="tabs-list__item "
      type="button"
    >
      Another tab
    </button>
  </div>
</DocumentFragment>
`;
